// Jest Snapshot v1, https://goo.gl/fbAQLP

exports[`CitiesList should render CitiesList page 1`] = `"<div class="sc-f4c4221c-0 eRLUiP"><main class="sc-f4c4221c-1 gNtzww"><h1 class="sc-f4c4221c-2 mfEmD">Favourite Cities List</h1><nav class="sc-f4c4221c-12 gzyYfn"><a href="/">Search</a><a href="/citiesList">Cities list</a></nav><div style="width: 100%;" class="sc-299ea37d-0 gPQEVA"><div class="sc-299ea37d-1 efcIEP">Do not have added cities.</div></div></main></div>"`;

exports[`CitiesList should render feature of FavouriteCitiesList 1`] = `"<div class="sc-f4c4221c-0 eRLUiP"><main class="sc-f4c4221c-1 gNtzww"><h1 class="sc-f4c4221c-2 mfEmD">Favourite Cities List</h1><nav class="sc-f4c4221c-12 gzyYfn"><a href="/">Search</a><a href="/citiesList">Cities list</a></nav><div style="width: 100%;" class="sc-299ea37d-0 gPQEVA"><ul class="sc-f4c4221c-8 gWrHZL"><li class="sc-f4c4221c-10 dsfqob"><button class="sc-f4c4221c-9 fjGDyH">x</button>São José | BR<br><span class="sc-f4c4221c-11 aegYo">-1.4667, -48.6833</span></li><li class="sc-f4c4221c-10 dsfqob"><button class="sc-f4c4221c-9 fjGDyH">x</button>São José | BR<br><span class="sc-f4c4221c-11 aegYo">-28.2333, -49.1667</span></li><li class="sc-f4c4221c-10 dsfqob"><button class="sc-f4c4221c-9 fjGDyH">x</button>Città metropolitana di Roma Capitale | IT<br><span class="sc-f4c4221c-11 aegYo">41.9667, 12.6667</span></li><li class="sc-f4c4221c-10 dsfqob"><button class="sc-f4c4221c-9 fjGDyH">x</button>Recife | BR<br><span class="sc-f4c4221c-11 aegYo">-8.0539, -34.8811</span></li><li class="sc-f4c4221c-10 dsfqob"><button class="sc-f4c4221c-9 fjGDyH">x</button>São Paulo | BR<br><span class="sc-f4c4221c-11 aegYo">-23.4773, -46.6223</span></li></ul></div></main></div>"`;

exports[`CitiesList should renders CitiesList page heading and empty state message 1`] = `"<div class="sc-f4c4221c-0 eRLUiP"><main class="sc-f4c4221c-1 gNtzww"><h1 class="sc-f4c4221c-2 mfEmD">Favourite Cities List</h1><nav class="sc-f4c4221c-12 gzyYfn"><a href="/">Search</a><a href="/citiesList">Cities list</a></nav><div style="width: 100%;" class="sc-299ea37d-0 gPQEVA"><div class="sc-299ea37d-1 efcIEP">Do not have added cities.</div></div></main></div>"`;
